252822 17
253467 19
255170 19
248275 13
251292 18
249175 20
240137 13
253817 19
255248 16
250898 18
251091 19
250757 21
226115 9
251323 16
229691 13
246505 20
249507 19
247008 13
253984 20
249722 14
