258265 21
258483 29
259912 24
260475 22
257793 29
260076 28
260757 26
244633 15
260026 22
254241 17
258607 23
259888 25
259324 27
260097 28
255315 18
260042 29
260723 26
259297 29
259929 25
260365 23
