261545 25
261143 26
261355 28
261095 31
261407 30
261307 29
261445 23
260980 30
260982 32
261274 32
